<?xml version="1.0" encoding="UTF-8"?>
<TestRun id="7d1cc4e0-ba4b-44ec-8b85-5936bf2fb5f8" name="JAY@786DKT9 2018-06-15 11:26:58" runUser="786DKT9\JAY" xmlns="http://microsoft.com/schemas/VisualStudio/TeamTest/2010">
  <TestSettings name="Default Test Settings" id="47cd0a22-8fc9-44df-8618-73b6ff4e20d0">
    <Deployment runDeploymentRoot="JAY_786DKT9 2018-06-15 11_26_58">
      <DeploymentItem filename="F:\ViaVarejo\packages\Microsoft.AspNet.WebApi.Core.4.0.20710.0\lib\net40\System.Web.Http.dll" />
      <DeploymentItem filename="F:\ViaVarejo\packages\Microsoft.AspNet.Mvc.4.0.20710.0\lib\net40\System.Web.Mvc.dll" />
      <DeploymentItem filename="F:\ViaVarejo\packages\Microsoft.Web.Infrastructure.1.0.0.0\lib\net40\Microsoft.Web.Infrastructure.dll" />
      <DeploymentItem filename="F:\ViaVarejo\packages\Microsoft.AspNet.WebApi.Client.4.0.20710.0\lib\net40\System.Net.Http.Formatting.dll" />
      <DeploymentItem filename="F:\ViaVarejo\packages\Microsoft.AspNet.WebPages.2.0.20710.0\lib\net40\System.Web.WebPages.dll" />
      <DeploymentItem filename="F:\ViaVarejo\packages\Microsoft.Net.Http.2.0.20710.0\lib\net40\System.Net.Http.dll" />
      <DeploymentItem filename="F:\ViaVarejo\packages\Microsoft.Net.Http.2.0.20710.0\lib\net40\System.Net.Http.WebRequest.dll" />
      <DeploymentItem filename="F:\ViaVarejo\Backend.Models\bin\Debug\Backend.Models.dll" />
      <DeploymentItem filename="F:\ViaVarejo\packages\Microsoft.AspNet.WebPages.2.0.20710.0\lib\net40\System.Web.Helpers.dll" />
      <DeploymentItem filename="F:\ViaVarejo\packages\Microsoft.AspNet.WebPages.2.0.20710.0\lib\net40\System.Web.WebPages.Deployment.dll" />
      <DeploymentItem filename="F:\ViaVarejo\packages\Newtonsoft.Json.4.5.6\lib\net40\Newtonsoft.Json.dll" />
      <DeploymentItem filename="F:\ViaVarejo\packages\Microsoft.AspNet.Razor.2.0.20710.0\lib\net40\System.Web.Razor.dll" />
      <DeploymentItem filename="F:\ViaVarejo\packages\Microsoft.AspNet.WebPages.2.0.20710.0\lib\net40\System.Web.WebPages.Razor.dll" />
      <DeploymentItem filename="F:\ViaVarejo\Backend.Services\bin\Backend.Services.dll" />
      <DeploymentItem filename="F:\ViaVarejo\packages\Microsoft.AspNet.WebApi.WebHost.4.0.20710.0\lib\net40\System.Web.Http.WebHost.dll" />
    </Deployment>
    <Execution>
      <TestTypeSpecific />
      <AgentRule name="Execution Agents">
      </AgentRule>
    </Execution>
  </TestSettings>
  <Times creation="2018-06-15T11:26:58.1505326-03:00" queuing="2018-06-15T11:27:00.5841368-03:00" start="2018-06-15T11:27:00.5997369-03:00" finish="2018-06-15T11:27:01.4265383-03:00" />
  <ResultSummary outcome="Completed">
    <Counters total="1" executed="1" passed="1" error="0" failed="0" timeout="0" aborted="0" inconclusive="0" passedButRunAborted="0" notRunnable="0" notExecuted="0" disconnected="0" warning="0" completed="0" inProgress="0" pending="0" />
  </ResultSummary>
  <TestDefinitions>
    <UnitTest name="Near" storage="f:\viavarejo\backend.tests\bin\debug\backend.tests.dll" priority="4" id="f04c3e21-aea0-67de-0604-ad1aa371e9df">
      <Execution id="89281425-dd64-41b5-9e16-48993d7357a2" />
      <TestMethod codeBase="F:/ViaVarejo/Backend.Tests/bin/Debug/Backend.Tests.DLL" adapterTypeName="Microsoft.VisualStudio.TestTools.TestTypes.Unit.UnitTestAdapter, Microsoft.VisualStudio.QualityTools.Tips.UnitTest.Adapter, Version=10.0.0.0, Culture=neutral, PublicKeyToken=b03f5f7f11d50a3a" className="Backend.Tests.AmigosControllerTest, Backend.Tests, Version=1.0.0.0, Culture=neutral, PublicKeyToken=null" name="Near" />
    </UnitTest>
  </TestDefinitions>
  <TestLists>
    <TestList name="Results Not in a List" id="8c84fa94-04c1-424b-9868-57a2d4851a1d" />
    <TestList name="All Loaded Results" id="19431567-8539-422a-85d7-44ee4e166bda" />
  </TestLists>
  <TestEntries>
    <TestEntry testId="f04c3e21-aea0-67de-0604-ad1aa371e9df" executionId="89281425-dd64-41b5-9e16-48993d7357a2" testListId="8c84fa94-04c1-424b-9868-57a2d4851a1d" />
  </TestEntries>
  <Results>
    <UnitTestResult executionId="89281425-dd64-41b5-9e16-48993d7357a2" testId="f04c3e21-aea0-67de-0604-ad1aa371e9df" testName="Near" computerName="786DKT9" duration="00:00:00.3873445" startTime="2018-06-15T11:27:00.6153369-03:00" endTime="2018-06-15T11:27:01.3797382-03:00" testType="13cdc9d9-ddb5-4fa4-a97d-d965ccfc6d4b" outcome="Passed" testListId="8c84fa94-04c1-424b-9868-57a2d4851a1d" relativeResultsDirectory="89281425-dd64-41b5-9e16-48993d7357a2">
      <Output>
        <DebugTrace>Id: 342, Nome: Josh, Local: Princeton, Latitude: 40,34556260, Longitude: -74,61154540
Id: 341, Nome: Paulo, Local: Montauk, Latitude: 41,03378650, Longitude: -72,08242110
Id: 346, Nome: John, Local: Toronto, Latitude: 43,80185750, Longitude: -79,15680050
</DebugTrace>
      </Output>
    </UnitTestResult>
  </Results>
</TestRun>