<?xml version="1.0" encoding="UTF-8"?>
<TestRun id="60971483-46d5-4e51-94ce-7e3d577d7275" name="JAY@786DKT9 2018-06-15 09:15:25" runUser="786DKT9\JAY" xmlns="http://microsoft.com/schemas/VisualStudio/TeamTest/2010">
  <TestSettings name="Default Test Settings" id="c5005a6d-17fd-4776-98aa-7b5942d213fb">
    <Deployment runDeploymentRoot="JAY_786DKT9 2018-06-15 09_15_25">
      <DeploymentItem filename="F:\ViaVarejo\packages\Microsoft.AspNet.WebApi.Core.4.0.20710.0\lib\net40\System.Web.Http.dll" />
      <DeploymentItem filename="F:\ViaVarejo\packages\Microsoft.AspNet.Mvc.4.0.20710.0\lib\net40\System.Web.Mvc.dll" />
      <DeploymentItem filename="F:\ViaVarejo\packages\Microsoft.Web.Infrastructure.1.0.0.0\lib\net40\Microsoft.Web.Infrastructure.dll" />
      <DeploymentItem filename="F:\ViaVarejo\packages\Microsoft.AspNet.WebApi.Client.4.0.20710.0\lib\net40\System.Net.Http.Formatting.dll" />
      <DeploymentItem filename="F:\ViaVarejo\packages\Microsoft.AspNet.WebPages.2.0.20710.0\lib\net40\System.Web.WebPages.dll" />
      <DeploymentItem filename="F:\ViaVarejo\packages\Microsoft.Net.Http.2.0.20710.0\lib\net40\System.Net.Http.dll" />
      <DeploymentItem filename="F:\ViaVarejo\packages\Microsoft.Net.Http.2.0.20710.0\lib\net40\System.Net.Http.WebRequest.dll" />
      <DeploymentItem filename="F:\ViaVarejo\Backend.Models\bin\Debug\Backend.Models.dll" />
      <DeploymentItem filename="F:\ViaVarejo\packages\Microsoft.AspNet.WebPages.2.0.20710.0\lib\net40\System.Web.Helpers.dll" />
      <DeploymentItem filename="F:\ViaVarejo\packages\Microsoft.AspNet.WebPages.2.0.20710.0\lib\net40\System.Web.WebPages.Deployment.dll" />
      <DeploymentItem filename="F:\ViaVarejo\packages\Newtonsoft.Json.4.5.6\lib\net40\Newtonsoft.Json.dll" />
      <DeploymentItem filename="F:\ViaVarejo\packages\Microsoft.AspNet.Razor.2.0.20710.0\lib\net40\System.Web.Razor.dll" />
      <DeploymentItem filename="F:\ViaVarejo\packages\Microsoft.AspNet.WebPages.2.0.20710.0\lib\net40\System.Web.WebPages.Razor.dll" />
      <DeploymentItem filename="F:\ViaVarejo\Backend.Services\bin\Backend.Services.dll" />
      <DeploymentItem filename="F:\ViaVarejo\packages\Microsoft.AspNet.WebApi.WebHost.4.0.20710.0\lib\net40\System.Web.Http.WebHost.dll" />
    </Deployment>
    <Execution>
      <TestTypeSpecific />
      <AgentRule name="Execution Agents">
      </AgentRule>
    </Execution>
  </TestSettings>
  <Times creation="2018-06-15T09:15:25.2744913-03:00" queuing="2018-06-15T09:15:28.1946194-03:00" start="2018-06-15T09:15:28.5222199-03:00" finish="2018-06-15T09:15:38.2098370-03:00" />
  <ResultSummary outcome="Failed">
    <Counters total="1" executed="1" error="0" failed="1" timeout="0" aborted="0" inconclusive="0" passedButRunAborted="0" notRunnable="0" notExecuted="0" disconnected="0" warning="0" passed="0" completed="0" inProgress="0" pending="0" />
  </ResultSummary>
  <TestDefinitions>
    <UnitTest name="Near" storage="f:\viavarejo\backend.tests\bin\debug\backend.tests.dll" priority="4" id="41b4985f-0137-4c58-535e-3ccfd55da940">
      <Execution id="20eb8e5d-a16f-4460-b84e-1908bdce9b0d" />
      <TestMethod codeBase="F:/ViaVarejo/Backend.Tests/bin/Debug/Backend.Tests.DLL" adapterTypeName="Microsoft.VisualStudio.TestTools.TestTypes.Unit.UnitTestAdapter, Microsoft.VisualStudio.QualityTools.Tips.UnitTest.Adapter, Version=10.0.0.0, Culture=neutral, PublicKeyToken=b03f5f7f11d50a3a" className="Backend.Tests.Controllers.AmigosControllerTest, Backend.Tests, Version=1.0.0.0, Culture=neutral, PublicKeyToken=null" name="Near" />
    </UnitTest>
  </TestDefinitions>
  <TestLists>
    <TestList name="Results Not in a List" id="8c84fa94-04c1-424b-9868-57a2d4851a1d" />
    <TestList name="All Loaded Results" id="19431567-8539-422a-85d7-44ee4e166bda" />
  </TestLists>
  <TestEntries>
    <TestEntry testId="41b4985f-0137-4c58-535e-3ccfd55da940" executionId="20eb8e5d-a16f-4460-b84e-1908bdce9b0d" testListId="8c84fa94-04c1-424b-9868-57a2d4851a1d" />
  </TestEntries>
  <Results>
    <UnitTestResult executionId="20eb8e5d-a16f-4460-b84e-1908bdce9b0d" testId="41b4985f-0137-4c58-535e-3ccfd55da940" testName="Near" computerName="786DKT9" duration="00:00:06.6304277" startTime="2018-06-15T09:15:28.7718204-03:00" endTime="2018-06-15T09:15:36.4470339-03:00" testType="13cdc9d9-ddb5-4fa4-a97d-d965ccfc6d4b" outcome="Failed" testListId="8c84fa94-04c1-424b-9868-57a2d4851a1d" relativeResultsDirectory="20eb8e5d-a16f-4460-b84e-1908bdce9b0d">
      <Output>
        <ErrorInfo>
          <Message>Test method Backend.Tests.Controllers.AmigosControllerTest.Near threw exception: 
System.NotSupportedException: Não é possível converter do tipo 'Backend.Models.Amigo' para o tipo 'Backend.Models.AmigoData'. LINQ to Entities oferece suporte apenas à conversão de tipos primitivos de Entity Data Model.</Message>
          <StackTrace>    em System.Data.Objects.ELinq.ExpressionConverter.ValidateAndAdjustCastTypes(TypeUsage toType, TypeUsage fromType, Type toClrType, Type fromClrType)
   em System.Data.Objects.ELinq.ExpressionConverter.GetCastTargetType(TypeUsage fromType, Type toClrType, Type fromClrType, Boolean preserveCastForDateTime)
   em System.Data.Objects.ELinq.ExpressionConverter.CreateCastExpression(DbExpression source, Type toClrType, Type fromClrType)
   em System.Data.Objects.ELinq.ExpressionConverter.ConvertTranslator.TranslateUnary(ExpressionConverter parent, UnaryExpression unary, DbExpression operand)
   em System.Data.Objects.ELinq.ExpressionConverter.UnaryTranslator.TypedTranslate(ExpressionConverter parent, UnaryExpression linq)
   em System.Data.Objects.ELinq.ExpressionConverter.TypedTranslator`1.Translate(ExpressionConverter parent, Expression linq)
   em System.Data.Objects.ELinq.ExpressionConverter.TranslateExpression(Expression linq)
   em System.Data.Objects.ELinq.ExpressionConverter.TranslateLambda(LambdaExpression lambda, DbExpression input)
   em System.Data.Objects.ELinq.ExpressionConverter.TranslateLambda(LambdaExpression lambda, DbExpression input, DbExpressionBinding&amp; binding)
   em System.Data.Objects.ELinq.ExpressionConverter.MethodCallTranslator.OneLambdaTranslator.Translate(ExpressionConverter parent, MethodCallExpression call, DbExpression&amp; source, DbExpressionBinding&amp; sourceBinding, DbExpression&amp; lambda)
   em System.Data.Objects.ELinq.ExpressionConverter.MethodCallTranslator.SelectTranslator.Translate(ExpressionConverter parent, MethodCallExpression call)
   em System.Data.Objects.ELinq.ExpressionConverter.MethodCallTranslator.SequenceMethodTranslator.Translate(ExpressionConverter parent, MethodCallExpression call, SequenceMethod sequenceMethod)
   em System.Data.Objects.ELinq.ExpressionConverter.MethodCallTranslator.TypedTranslate(ExpressionConverter parent, MethodCallExpression linq)
   em System.Data.Objects.ELinq.ExpressionConverter.TypedTranslator`1.Translate(ExpressionConverter parent, Expression linq)
   em System.Data.Objects.ELinq.ExpressionConverter.TranslateExpression(Expression linq)
   em System.Data.Objects.ELinq.ExpressionConverter.Convert()
   em System.Data.Objects.ELinq.ELinqQueryState.GetExecutionPlan(Nullable`1 forMergeOption)
   em System.Data.Objects.ObjectQuery`1.GetResults(Nullable`1 forMergeOption)
   em System.Data.Objects.ObjectQuery`1.System.Collections.Generic.IEnumerable&lt;T&gt;.GetEnumerator()
   em Backend.Tests.Controllers.AmigosControllerTest.Near() na F:\ViaVarejo\Backend.Tests\Controllers\AmigosControllerTest.cs:linha 113
</StackTrace>
        </ErrorInfo>
      </Output>
    </UnitTestResult>
  </Results>
</TestRun>